Detecting compiler hash for triplet x64-windows...
Compiler found: C:/Program Files (x86)/Microsoft Visual Studio/18/BuildTools/VC/Tools/MSVC/14.51.36231/bin/Hostx64/x64/cl.exe
The following packages are already installed:
  * brotli:x64-windows@1.2.0
  * bzip2[core,tool]:x64-windows@1.0.8#6
    curl[core,sspi,ssl,non-http]:x64-windows@8.22.0
    freetype[core,zlib,png,bzip2,brotli]:x64-windows@2.14.3
    libarchive[core,xar,lzo,lzma,lz4,bzip2]:x64-windows@3.8.8
    libiconv:x64-windows@1.19
    libjpeg-turbo:x64-windows@3.2.0
  * liblzma:x64-windows@5.8.3
  * libogg:x64-windows@1.3.6#1
  * libpng:x64-windows@1.6.58
    libvorbis:x64-windows@1.3.7#4
  * lz4:x64-windows@1.10.0
  * lzo:x64-windows@2.10#9
    sdl2:x64-windows@2.32.10#1
  * vcpkg-cmake:x64-windows@2025-08-07
  * vcpkg-cmake-config:x64-windows@2026-07-21
  * vcpkg-cmake-get-vars:x64-windows@2025-05-29
  * vcpkg-make:x64-windows@2026-07-09
    zlib:x64-windows@1.3.2#2
zlib is compatible with built-in CMake targets:

  find_package(ZLIB REQUIRED)
  target_link_libraries(main PRIVATE ZLIB::ZLIB)

zlib provides pkg-config modules:

  # zlib compression library
  zlib

curl is compatible with built-in CMake targets:

    find_package(CURL REQUIRED)
    target_link_libraries(main PRIVATE CURL::libcurl)

freetype is compatible with built-in CMake targets:

    find_package(Freetype REQUIRED)
    target_link_libraries(main PRIVATE Freetype::Freetype) # since CMake 3.10

libarchive is compatible with the CMake Find Module:

  find_package(LibArchive REQUIRED)
  target_link_libraries(main PRIVATE LibArchive::LibArchive) # since CMake 3.17

libarchive provides pkg-config modules:

  # library that can create and read several streaming archive formats
  libarchive

libiconv provides CMake targets:

  find_package(Iconv REQUIRED)
  target_link_libraries(main PRIVATE Iconv::Iconv)

libjpeg-turbo is compatible with built-in implementation-agnostic CMake targets:

    find_package(JPEG REQUIRED)
    target_link_libraries(main PRIVATE JPEG::JPEG)

libjpeg-turbo provides CMake targets for the TurboJPEG C API:

    find_package(libjpeg-turbo CONFIG REQUIRED)
    target_link_libraries(main PRIVATE $<IF:$<TARGET_EXISTS:libjpeg-turbo::turbojpeg>,libjpeg-turbo::turbojpeg,libjpeg-turbo::turbojpeg-static>)

The package libvorbis provides CMake targets:

    # Vorbis reference encoder and decoder, low-level API
    find_package(Vorbis CONFIG REQUIRED)
    target_link_libraries(main PRIVATE Vorbis::vorbis)

    # Audio stream decoding and basic manipulation, high-level API
    find_package(Vorbis CONFIG REQUIRED)
    target_link_libraries(main PRIVATE Vorbis::vorbisfile)

    # Convenience API for setting up an encoding environment
    find_package(Vorbis CONFIG REQUIRED)
    target_link_libraries(main PRIVATE Vorbis::vorbisenc)

sdl2 provides CMake targets:

    find_package(SDL2 CONFIG REQUIRED)
    target_link_libraries(main
        PRIVATE
        $<TARGET_NAME_IF_EXISTS:SDL2::SDL2main>
        $<IF:$<TARGET_EXISTS:SDL2::SDL2>,SDL2::SDL2,SDL2::SDL2-static>
    )

All requested installations completed successfully in: 496 us
